
> vite-react-typescript-starter@0.0.0 build
> vite build

[36mvite v5.4.21 [32mbuilding for production...[36m[39m
transforming...
node.exe : 
Browserslist: 
caniuse-lite is 
outdated. Please run:
En línea: 1 Carácter: 1
+ & "C:\Program 
Files\nodejs/node.exe" 
"C:\Users\Camilo\AppDat
a\Roaming ...
+ ~~~~~~~~~~~~~~~~~~~~~
~~~~~~~~~~~~~~~~~~~~~~~
~~~~~~~~~~~~~~~~~~~~~~~
~~
    + CategoryInfo     
         : NotSpecifi  
  ed: (Browserslist:   
  c...ed. Please ru    
n::String) [], Rem    
oteException
    + FullyQualifiedEr 
   rorId : NativeComm  
  andError
 
  npx update-browsersli
st-db@latest
  Why you should do it 
regularly: https://gith
ub.com/browserslist/upd
ate-db#readme
[32mÔ£ô[39m 1993 modules transformed.
rendering chunks...
computing gzip size...
[2mdist/[22m[32mindex.html                 [39m[1m[2m  1.44 kB[22m[1m[22m[2m Ôöé gzip:   0.60 kB[22m
[2mdist/[22m[35massets/index-6kErGZVR.css  [39m[1m[2m 35.23 kB[22m[1m[22m[2m Ôöé gzip:   6.21 kB[22m
[2mdist/[22m[36massets/index-CMWQbQNp.js   [39m[1m[33m530.76 kB[39m[22m[2m Ôöé gzip: 160.39 kB[22m
[33m
(!) Some chunks are 
larger than 500 kB 
after minification. 
Consider:
- Using dynamic 
import() to code-split 
the application
- Use build.rollupOptio
ns.output.manualChunks 
to improve chunking: ht
tps://rollupjs.org/conf
iguration-options/#outp
ut-manualchunks
- Adjust chunk size 
limit for this warning 
via build.chunkSizeWarn
ingLimit.[39m
[32mÔ£ô built in 25.82s[39m
